start PkgManager 0.4.1 sha256 50cb1b14da41a567915de4f0bcf90868f9f8137da89570177e70ce9cc6d62240 root RAM:rl: ARexx port PKGMANAGER
refill (start) term="" rows=110 shown=110 installed=1 keep=-
arexx> UPGRADE "limpet"
job 1 upgrade limpet from arexx
arexx< rc=0 len=1 1
arexx> WAIT 1
arexx wait for job 1 (preview)
event limpet download 0/3577972 can_cancel=1 cancel_button=enabled
event limpet download 0/3577972 can_cancel=1 cancel_button=enabled
event limpet download 1378/3577972 can_cancel=1 cancel_button=enabled
event limpet download 2756/3577972 can_cancel=1 cancel_button=enabled
event limpet download 4134/3577972 can_cancel=1 cancel_button=enabled
event limpet download 5512/3577972 can_cancel=1 cancel_button=enabled
event limpet download 6890/3577972 can_cancel=1 cancel_button=enabled
event limpet download 8268/3577972 can_cancel=1 cancel_button=enabled
event limpet download 9646/3577972 can_cancel=1 cancel_button=enabled
event limpet download 11024/3577972 can_cancel=1 cancel_button=enabled
event limpet download 12402/3577972 can_cancel=1 cancel_button=enabled
event limpet download 13780/3577972 can_cancel=1 cancel_button=enabled
event limpet download 15158/3577972 can_cancel=1 cancel_button=enabled
event limpet download 16536/3577972 can_cancel=1 cancel_button=enabled
event limpet download 17914/3577972 can_cancel=1 cancel_button=enabled
event limpet download 19292/3577972 can_cancel=1 cancel_button=enabled
event limpet download 20670/3577972 can_cancel=1 cancel_button=enabled
event limpet download 22048/3577972 can_cancel=1 cancel_button=enabled
event limpet download 23426/3577972 can_cancel=1 cancel_button=enabled
event limpet download 24804/3577972 can_cancel=1 cancel_button=enabled
event limpet download 26182/3577972 can_cancel=1 cancel_button=enabled
event limpet download 27560/3577972 can_cancel=1 cancel_button=enabled
event limpet download 28938/3577972 can_cancel=1 cancel_button=enabled
event limpet download 30316/3577972 can_cancel=1 cancel_button=enabled
event limpet download 31694/3577972 can_cancel=1 cancel_button=enabled
event limpet download 32768/3577972 can_cancel=1 cancel_button=enabled
event limpet download 49152/3577972 can_cancel=1 cancel_button=enabled
event limpet download 65536/3577972 can_cancel=1 cancel_button=enabled
event limpet download 81920/3577972 can_cancel=1 cancel_button=enabled
event limpet download 98171/3577972 can_cancel=1 cancel_button=enabled
event limpet download 114555/3577972 can_cancel=1 cancel_button=enabled
event limpet download 130939/3577972 can_cancel=1 cancel_button=enabled
event limpet download 147323/3577972 can_cancel=1 cancel_button=enabled
event limpet download 163707/3577972 can_cancel=1 cancel_button=enabled
event limpet download 180091/3577972 can_cancel=1 cancel_button=enabled
event limpet download 196475/3577972 can_cancel=1 cancel_button=enabled
event limpet download 212859/3577972 can_cancel=1 cancel_button=enabled
event limpet download 229243/3577972 can_cancel=1 cancel_button=enabled
event limpet download 245627/3577972 can_cancel=1 cancel_button=enabled
event limpet download 262011/3577972 can_cancel=1 cancel_button=enabled
event limpet download 278395/3577972 can_cancel=1 cancel_button=enabled
event limpet download 294779/3577972 can_cancel=1 cancel_button=enabled
event limpet download 311163/3577972 can_cancel=1 cancel_button=enabled
event limpet download 327547/3577972 can_cancel=1 cancel_button=enabled
event limpet download 343931/3577972 can_cancel=1 cancel_button=enabled
event limpet download 360315/3577972 can_cancel=1 cancel_button=enabled
event limpet download 376699/3577972 can_cancel=1 cancel_button=enabled
event limpet download 393083/3577972 can_cancel=1 cancel_button=enabled
event limpet download 409467/3577972 can_cancel=1 cancel_button=enabled
event limpet download 425851/3577972 can_cancel=1 cancel_button=enabled
event limpet download 442235/3577972 can_cancel=1 cancel_button=enabled
event limpet download 458619/3577972 can_cancel=1 cancel_button=enabled
event limpet download 475003/3577972 can_cancel=1 cancel_button=enabled
event limpet download 491387/3577972 can_cancel=1 cancel_button=enabled
event limpet download 507771/3577972 can_cancel=1 cancel_button=enabled
event limpet download 524155/3577972 can_cancel=1 cancel_button=enabled
event limpet download 540539/3577972 can_cancel=1 cancel_button=enabled
event limpet download 556923/3577972 can_cancel=1 cancel_button=enabled
event limpet download 573307/3577972 can_cancel=1 cancel_button=enabled
event limpet download 589691/3577972 can_cancel=1 cancel_button=enabled
event limpet download 606075/3577972 can_cancel=1 cancel_button=enabled
event limpet download 622459/3577972 can_cancel=1 cancel_button=enabled
event limpet download 638843/3577972 can_cancel=1 cancel_button=enabled
event limpet download 655227/3577972 can_cancel=1 cancel_button=enabled
event limpet download 671611/3577972 can_cancel=1 cancel_button=enabled
event limpet download 687995/3577972 can_cancel=1 cancel_button=enabled
event limpet download 704379/3577972 can_cancel=1 cancel_button=enabled
event limpet download 720763/3577972 can_cancel=1 cancel_button=enabled
event limpet download 737147/3577972 can_cancel=1 cancel_button=enabled
event limpet download 753531/3577972 can_cancel=1 cancel_button=enabled
event limpet download 769915/3577972 can_cancel=1 cancel_button=enabled
event limpet download 786299/3577972 can_cancel=1 cancel_button=enabled
event limpet download 802683/3577972 can_cancel=1 cancel_button=enabled
event limpet download 819067/3577972 can_cancel=1 cancel_button=enabled
event limpet download 835451/3577972 can_cancel=1 cancel_button=enabled
event limpet download 851835/3577972 can_cancel=1 cancel_button=enabled
event limpet download 868219/3577972 can_cancel=1 cancel_button=enabled
event limpet download 884603/3577972 can_cancel=1 cancel_button=enabled
event limpet download 900987/3577972 can_cancel=1 cancel_button=enabled
event limpet download 917371/3577972 can_cancel=1 cancel_button=enabled
event limpet download 933755/3577972 can_cancel=1 cancel_button=enabled
event limpet download 950139/3577972 can_cancel=1 cancel_button=enabled
event limpet download 966523/3577972 can_cancel=1 cancel_button=enabled
event limpet download 982907/3577972 can_cancel=1 cancel_button=enabled
event limpet download 999291/3577972 can_cancel=1 cancel_button=enabled
event limpet download 1015675/3577972 can_cancel=1 cancel_button=enabled
event limpet download 1032059/3577972 can_cancel=1 cancel_button=enabled
event limpet download 1048443/3577972 can_cancel=1 cancel_button=enabled
event limpet download 1064827/3577972 can_cancel=1 cancel_button=enabled
event limpet download 1081211/3577972 can_cancel=1 cancel_button=enabled
event limpet download 1097595/3577972 can_cancel=1 cancel_button=enabled
event limpet download 1113979/3577972 can_cancel=1 cancel_button=enabled
event limpet download 1130363/3577972 can_cancel=1 cancel_button=enabled
event limpet download 1146747/3577972 can_cancel=1 cancel_button=enabled
event limpet download 1163131/3577972 can_cancel=1 cancel_button=enabled
event limpet download 1179515/3577972 can_cancel=1 cancel_button=enabled
event limpet download 1195899/3577972 can_cancel=1 cancel_button=enabled
event limpet download 1212283/3577972 can_cancel=1 cancel_button=enabled
event limpet download 1228667/3577972 can_cancel=1 cancel_button=enabled
event limpet download 1245051/3577972 can_cancel=1 cancel_button=enabled
event limpet download 1261435/3577972 can_cancel=1 cancel_button=enabled
event limpet download 1277819/3577972 can_cancel=1 cancel_button=enabled
event limpet download 1294203/3577972 can_cancel=1 cancel_button=enabled
event limpet download 1310587/3577972 can_cancel=1 cancel_button=enabled
event limpet download 1326971/3577972 can_cancel=1 cancel_button=enabled
event limpet download 1343355/3577972 can_cancel=1 cancel_button=enabled
event limpet download 1359739/3577972 can_cancel=1 cancel_button=enabled
event limpet download 1376123/3577972 can_cancel=1 cancel_button=enabled
event limpet download 1392507/3577972 can_cancel=1 cancel_button=enabled
event limpet download 1408891/3577972 can_cancel=1 cancel_button=enabled
event limpet download 1425275/3577972 can_cancel=1 cancel_button=enabled
event limpet download 1441659/3577972 can_cancel=1 cancel_button=enabled
event limpet download 1458043/3577972 can_cancel=1 cancel_button=enabled
event limpet download 1474427/3577972 can_cancel=1 cancel_button=enabled
event limpet download 1490811/3577972 can_cancel=1 cancel_button=enabled
event limpet download 1507195/3577972 can_cancel=1 cancel_button=enabled
event limpet download 1523579/3577972 can_cancel=1 cancel_button=enabled
event limpet download 1539963/3577972 can_cancel=1 cancel_button=enabled
event limpet download 1556347/3577972 can_cancel=1 cancel_button=enabled
event limpet download 1572731/3577972 can_cancel=1 cancel_button=enabled
event limpet download 1589115/3577972 can_cancel=1 cancel_button=enabled
event limpet download 1605499/3577972 can_cancel=1 cancel_button=enabled
event limpet download 1621883/3577972 can_cancel=1 cancel_button=enabled
event limpet download 1638267/3577972 can_cancel=1 cancel_button=enabled
event limpet download 1654651/3577972 can_cancel=1 cancel_button=enabled
event limpet download 1671035/3577972 can_cancel=1 cancel_button=enabled
event limpet download 1687419/3577972 can_cancel=1 cancel_button=enabled
event limpet download 1703803/3577972 can_cancel=1 cancel_button=enabled
event limpet download 1720187/3577972 can_cancel=1 cancel_button=enabled
event limpet download 1736571/3577972 can_cancel=1 cancel_button=enabled
event limpet download 1752955/3577972 can_cancel=1 cancel_button=enabled
event limpet download 1769339/3577972 can_cancel=1 cancel_button=enabled
event limpet download 1785723/3577972 can_cancel=1 cancel_button=enabled
event limpet download 1802107/3577972 can_cancel=1 cancel_button=enabled
event limpet download 1818491/3577972 can_cancel=1 cancel_button=enabled
event limpet download 1834875/3577972 can_cancel=1 cancel_button=enabled
event limpet download 1851259/3577972 can_cancel=1 cancel_button=enabled
event limpet download 1867643/3577972 can_cancel=1 cancel_button=enabled
event limpet download 1884027/3577972 can_cancel=1 cancel_button=enabled
event limpet download 1900411/3577972 can_cancel=1 cancel_button=enabled
event limpet download 1916795/3577972 can_cancel=1 cancel_button=enabled
event limpet download 1933179/3577972 can_cancel=1 cancel_button=enabled
event limpet download 1949563/3577972 can_cancel=1 cancel_button=enabled
event limpet download 1965947/3577972 can_cancel=1 cancel_button=enabled
event limpet download 1982331/3577972 can_cancel=1 cancel_button=enabled
event limpet download 1998715/3577972 can_cancel=1 cancel_button=enabled
event limpet download 2015099/3577972 can_cancel=1 cancel_button=enabled
event limpet download 2031483/3577972 can_cancel=1 cancel_button=enabled
event limpet download 2047867/3577972 can_cancel=1 cancel_button=enabled
event limpet download 2064251/3577972 can_cancel=1 cancel_button=enabled
event limpet download 2080635/3577972 can_cancel=1 cancel_button=enabled
event limpet download 2097019/3577972 can_cancel=1 cancel_button=enabled
event limpet download 2113403/3577972 can_cancel=1 cancel_button=enabled
event limpet download 2129787/3577972 can_cancel=1 cancel_button=enabled
event limpet download 2146171/3577972 can_cancel=1 cancel_button=enabled
event limpet download 2162555/3577972 can_cancel=1 cancel_button=enabled
event limpet download 2178939/3577972 can_cancel=1 cancel_button=enabled
event limpet download 2195323/3577972 can_cancel=1 cancel_button=enabled
event limpet download 2211707/3577972 can_cancel=1 cancel_button=enabled
event limpet download 2228091/3577972 can_cancel=1 cancel_button=enabled
event limpet download 2244475/3577972 can_cancel=1 cancel_button=enabled
event limpet download 2260859/3577972 can_cancel=1 cancel_button=enabled
event limpet download 2277243/3577972 can_cancel=1 cancel_button=enabled
event limpet download 2293627/3577972 can_cancel=1 cancel_button=enabled
event limpet download 2310011/3577972 can_cancel=1 cancel_button=enabled
event limpet download 2326395/3577972 can_cancel=1 cancel_button=enabled
event limpet download 2342779/3577972 can_cancel=1 cancel_button=enabled
event limpet download 2359163/3577972 can_cancel=1 cancel_button=enabled
event limpet download 2375547/3577972 can_cancel=1 cancel_button=enabled
event limpet download 2391931/3577972 can_cancel=1 cancel_button=enabled
event limpet download 2408315/3577972 can_cancel=1 cancel_button=enabled
event limpet download 2424699/3577972 can_cancel=1 cancel_button=enabled
event limpet download 2441083/3577972 can_cancel=1 cancel_button=enabled
event limpet download 2457467/3577972 can_cancel=1 cancel_button=enabled
event limpet download 2473851/3577972 can_cancel=1 cancel_button=enabled
event limpet download 2490235/3577972 can_cancel=1 cancel_button=enabled
event limpet download 2506619/3577972 can_cancel=1 cancel_button=enabled
event limpet download 2523003/3577972 can_cancel=1 cancel_button=enabled
event limpet download 2539387/3577972 can_cancel=1 cancel_button=enabled
event limpet download 2555771/3577972 can_cancel=1 cancel_button=enabled
event limpet download 2572155/3577972 can_cancel=1 cancel_button=enabled
event limpet download 2588539/3577972 can_cancel=1 cancel_button=enabled
event limpet download 2604923/3577972 can_cancel=1 cancel_button=enabled
event limpet download 2621307/3577972 can_cancel=1 cancel_button=enabled
event limpet download 2637691/3577972 can_cancel=1 cancel_button=enabled
event limpet download 2654075/3577972 can_cancel=1 cancel_button=enabled
event limpet download 2670459/3577972 can_cancel=1 cancel_button=enabled
event limpet download 2686843/3577972 can_cancel=1 cancel_button=enabled
event limpet download 2703227/3577972 can_cancel=1 cancel_button=enabled
event limpet download 2719611/3577972 can_cancel=1 cancel_button=enabled
event limpet download 2735995/3577972 can_cancel=1 cancel_button=enabled
event limpet download 2752379/3577972 can_cancel=1 cancel_button=enabled
event limpet download 2768763/3577972 can_cancel=1 cancel_button=enabled
event limpet download 2785147/3577972 can_cancel=1 cancel_button=enabled
event limpet download 2801531/3577972 can_cancel=1 cancel_button=enabled
event limpet download 2817915/3577972 can_cancel=1 cancel_button=enabled
event limpet download 2834299/3577972 can_cancel=1 cancel_button=enabled
event limpet download 2850683/3577972 can_cancel=1 cancel_button=enabled
event limpet download 2867067/3577972 can_cancel=1 cancel_button=enabled
event limpet download 2883451/3577972 can_cancel=1 cancel_button=enabled
event limpet download 2899835/3577972 can_cancel=1 cancel_button=enabled
event limpet download 2916219/3577972 can_cancel=1 cancel_button=enabled
event limpet download 2932603/3577972 can_cancel=1 cancel_button=enabled
event limpet download 2948987/3577972 can_cancel=1 cancel_button=enabled
event limpet download 2965371/3577972 can_cancel=1 cancel_button=enabled
event limpet download 2981755/3577972 can_cancel=1 cancel_button=enabled
event limpet download 2998139/3577972 can_cancel=1 cancel_button=enabled
event limpet download 3014523/3577972 can_cancel=1 cancel_button=enabled
event limpet download 3030907/3577972 can_cancel=1 cancel_button=enabled
event limpet download 3047291/3577972 can_cancel=1 cancel_button=enabled
event limpet download 3063675/3577972 can_cancel=1 cancel_button=enabled
event limpet download 3080059/3577972 can_cancel=1 cancel_button=enabled
event limpet download 3096443/3577972 can_cancel=1 cancel_button=enabled
event limpet download 3112827/3577972 can_cancel=1 cancel_button=enabled
event limpet download 3129211/3577972 can_cancel=1 cancel_button=enabled
event limpet download 3145595/3577972 can_cancel=1 cancel_button=enabled
event limpet download 3161979/3577972 can_cancel=1 cancel_button=enabled
event limpet download 3178363/3577972 can_cancel=1 cancel_button=enabled
event limpet download 3194747/3577972 can_cancel=1 cancel_button=enabled
event limpet download 3211131/3577972 can_cancel=1 cancel_button=enabled
event limpet download 3227515/3577972 can_cancel=1 cancel_button=enabled
event limpet download 3243899/3577972 can_cancel=1 cancel_button=enabled
event limpet download 3260283/3577972 can_cancel=1 cancel_button=enabled
event limpet download 3276667/3577972 can_cancel=1 cancel_button=enabled
event limpet download 3293051/3577972 can_cancel=1 cancel_button=enabled
event limpet download 3309435/3577972 can_cancel=1 cancel_button=enabled
event limpet download 3325819/3577972 can_cancel=1 cancel_button=enabled
event limpet download 3342203/3577972 can_cancel=1 cancel_button=enabled
event limpet download 3358587/3577972 can_cancel=1 cancel_button=enabled
event limpet download 3374971/3577972 can_cancel=1 cancel_button=enabled
event limpet download 3391355/3577972 can_cancel=1 cancel_button=enabled
event limpet download 3407739/3577972 can_cancel=1 cancel_button=enabled
event limpet download 3424123/3577972 can_cancel=1 cancel_button=enabled
event limpet download 3440507/3577972 can_cancel=1 cancel_button=enabled
event limpet download 3456891/3577972 can_cancel=1 cancel_button=enabled
event limpet download 3473275/3577972 can_cancel=1 cancel_button=enabled
event limpet download 3489659/3577972 can_cancel=1 cancel_button=enabled
event limpet download 3506043/3577972 can_cancel=1 cancel_button=enabled
event limpet download 3522427/3577972 can_cancel=1 cancel_button=enabled
event limpet download 3538811/3577972 can_cancel=1 cancel_button=enabled
event limpet download 3555195/3577972 can_cancel=1 cancel_button=enabled
event limpet download 3571579/3577972 can_cancel=1 cancel_button=enabled
event limpet download 3577972/3577972 can_cancel=1 cancel_button=enabled
event limpet verify 1/1 can_cancel=1 cancel_button=enabled
event limpet extract 0/3577972 can_cancel=0 cancel_button=disabled
event limpet extract 1/1 can_cancel=0 cancel_button=disabled
done preview upgrade limpet status=0
plan upgrade limpet: 0.1.0-aros1 -> 0.2.0-aros1 allowed=1 add=0 replace=2 remove=0 kept=0 unchanged=13 conflicts=0
upgrade limpet declined
job 1 upgrade limpet declined: nothing changed
arexx< rc=0 len=123 id 1|op upgrade|package limpet|origin arexx|state declined|phase |done ...
arexx> UPGRADE "limpet"
job 2 upgrade limpet from arexx
arexx< rc=0 len=1 2
arexx> WAIT 2
arexx wait for job 2 (preview)
event limpet verify 1/1 can_cancel=1 cancel_button=enabled
event limpet extract 0/3577972 can_cancel=0 cancel_button=disabled
event limpet extract 1/1 can_cancel=0 cancel_button=disabled
done preview upgrade limpet status=0
plan upgrade limpet: 0.1.0-aros1 -> 0.2.0-aros1 allowed=1 add=0 replace=2 remove=0 kept=0 unchanged=13 conflicts=0
upgrade limpet confirmed
event limpet verify 1/1 can_cancel=1 cancel_button=enabled
event limpet extract 0/3577972 can_cancel=0 cancel_button=disabled
event limpet extract 1/1 can_cancel=0 cancel_button=disabled
event limpet publish 0/2 can_cancel=0 cancel_button=disabled
event limpet publish 2/2 can_cancel=0 cancel_button=disabled
done upgrade limpet status=0
job 2 upgrade limpet done: upgraded limpet
arexx< rc=0 len=126 id 2|op upgrade|package limpet|origin arexx|state done|phase publish|do...
refill (done) term="" rows=110 shown=110 installed=1 keep=limpet
detail limpet: installed 0.2.0-aros1, index 0.2.0-aros1, can_upgrade=0 can_rollback=1 why=installed is 0.2.0 revision 1 and the index offers revision 1, which is not newer
detail limpet: installed 0.2.0-aros1, index 0.2.0-aros1, can_upgrade=0 can_rollback=1 why=installed is 0.2.0 revision 1 and the index offers revision 1, which is not newer
