2026-10-08T18:51:03+0200 1791478263.723 OK tls-1008b-00-start 10 e9522f4fe1985aef996a74c015d97e001c4f6b17928bbef162067ada073cef03
2026-10-08T18:51:11+0200 1791478271.027 OK tls-1008b-01 12 76d4298eedc79bc9ed3b8afb6ad9f292786d9d05f1733d77225b95e6c1d7b032
2026-10-08T18:51:17+0200 1791478277.824 OK tls-1008b-02 12 3f7ffc4e6f2c12ef110dcb9bedf612513a3a43870d20ac476744f1b594702c8b
2026-10-08T18:51:22+0200 1791478282.862 OK tls-1008b-03 12 32dd3a069853fcfeede1ecc879fe854f75af18df5beac466c90dd4c34b16650c
2026-10-08T18:51:30+0200 1791478290.515 OK tls-1008b-04 12 d9492a009e56619ce3ff3f5b6b2540fde26b367ac78822f7063c59e462a5996b
2026-10-08T18:51:37+0200 1791478297.893 OK tls-1008b-05 12 a158e17592eb14c1281dc24d297cd1850558db2a2e568106949a49d159e672aa
2026-10-08T18:51:45+0200 1791478305.633 OK tls-1008b-06 12 913416f8523ca48b51d79997fb68cd04047d1675f6b83210f8d4d1028d62a0d8
2026-10-08T18:51:53+0200 1791478313.045 OK tls-1008b-07 12 e1639de8a451cabff96e6e0bc702680a6b4d5af03701f1c8d21a34d1948c8f90
2026-10-08T18:52:01+0200 1791478321.193 OK tls-1008b-08 12 27350567893c18b0398edb57d55e728d20b564c646acaa48ca3983639b61a129
2026-10-08T18:52:08+0200 1791478328.914 OK tls-1008b-09 12 c72ac081b765a93334d48ed369e145f7c29789ce293a3277a585ed62094e55f8
2026-10-08T18:52:17+0200 1791478337.293 OK tls-1008b-10 12 769aa6df2bd6416bf42521ca6844ada4b8ad5f0921243771d2c65812d3d3e1c6
2026-10-08T18:52:25+0200 1791478345.022 OK tls-1008b-11 12 7ea374b1360eefb7a32d4ac627d88a693b252803d2fa42a7de1ef65b95f497b8
2026-10-08T18:52:32+0200 1791478352.585 OK tls-1008b-12 12 c6c4ad56d7b78b90ab7e9e4ed40bd70949ec5740fa9c9cdf268c6f049972b1a4
2026-10-08T18:52:40+0200 1791478360.043 OK tls-1008b-13 12 adc6a8c5d0394d861ad9240d58edaafc2d37af0bb48742b7aaf7d82e40ec3e36
2026-10-08T18:52:47+0200 1791478367.543 OK tls-1008b-14 12 53c75b30c1c37772d08c13b84e18013dc4690f4570ce9a5a3b27c5b8ec9f3e97
2026-10-08T18:52:55+0200 1791478375.476 OK tls-1008b-15 12 da46c1ad22fcc45e12592b1fd75fb707e6423636fb6ac634d12c08cfb44e93f4
2026-10-08T18:53:02+0200 1791478382.963 OK tls-1008b-16 12 3346570cca095d635568d535340955f03494a960e915b149cf9ca609bae276b1
2026-10-08T18:53:10+0200 1791478390.600 OK tls-1008b-17 12 3cec6ffc10644104f6a930e67eb9239229527026971a8bf0a462f2c3d71995fc
2026-10-08T18:53:18+0200 1791478398.239 OK tls-1008b-18 12 7de6a7cebb770ae4101aaf4e80d513875eff458a64d664652f96349d7386bc4d
2026-10-08T18:53:25+0200 1791478405.921 OK tls-1008b-19 12 58df36d2595a3d63df4d054b25d0877af56fd079512bdbf0d85e92a4c255cbd9
2026-10-08T18:53:33+0200 1791478413.605 OK tls-1008b-20 12 adba58cabe0db26a46e952d82aec4e4ab26d06ca43fff89439a5e1c106c93972
2026-10-08T18:53:41+0200 1791478421.248 OK tls-1008b-21 12 456e8ad6a12feb21596ab9c455183de1e51bd8dd61d994f2acea783082f75027
2026-10-08T18:53:49+0200 1791478429.050 OK tls-1008b-22 12 f0559ecc29a9458b85bd7e2b874abfaa8357fa4a03e90748a8323f155fe69fbb
2026-10-08T18:53:56+0200 1791478436.875 OK tls-1008b-23 12 a6dde4913f4784610741be90296032890e4d3b90724774861beb7c9c38b74c87
2026-10-08T18:54:04+0200 1791478444.509 OK tls-1008b-24 12 1662aa33f8eec0ffbdccbf8cbe256a968d291bea60b3024f780cf89ade7b8368
2026-10-08T18:54:12+0200 1791478452.308 OK tls-1008b-25 12 57114b1b3b31bf66aa1987d651c1666b2a4efc34f4f9d3e01a792258bda01f36
2026-10-08T18:54:20+0200 1791478460.213 OK tls-1008b-26 12 48d5e87fd6ddd3c1f80875fa56b68c34c4cf216acf82e3ec3aeeb7f4d6274c61
2026-10-08T18:54:27+0200 1791478467.863 OK tls-1008b-27 12 135593b5027ba9ceee2918e7a6a06b1a2932eb275c85ede8683e113a11280ad2
2026-10-08T18:54:35+0200 1791478475.884 OK tls-1008b-28 12 5c3bd392533dc5af42df443493b977bc6e76a0c6bc95a909eec5dd8756c0405a
2026-10-08T18:54:44+0200 1791478484.724 OK tls-1008b-29 12 f2825b5723aabf64d73c745d6eb4d14fdc57de893705d501faa48fe604844c22
2026-10-08T18:54:51+0200 1791478491.284 OK tls-1008b-30 12 89bc47194def4333f32654639823516fc63e4ae1262fcb5d49b33058e46f9d55
2026-10-08T18:54:52+0200 1791478492.071 OK tls-1008b-log.txt 19120 3c91019869fc5f8fdee5d2681a9518e107abf1c9ad680d3a3c2b342ed0248c7c
2026-10-08T18:58:08+0200 1791478688.176 OK tls2-1008c-000-start 11 6921aaddf273b418b1e51f838d72278f77a647e890a62012e7c1554927cf1309
2026-10-08T18:58:14+0200 1791478694.409 OK tls2-1008c-a1-selfupdate 19 adae8e405a0a7ff1a7ba0c05a3061988109c879e0ac9b71d0b1d59e0bf938c1c
2026-10-08T18:58:17+0200 1791478697.409 OK tls2-1008c-a1-install040 19 4664218814c3a7e4ceca1df16ce8b4c0b6dcb24701a91ca35f133f5bad99e6ed
2026-10-08T18:58:20+0200 1791478700.264 OK tls2-1008c-a1-upgrade041 19 5fa660b61d926e4b8a36c905610af86230a76a417557546974dcb568d7413317
2026-10-08T18:58:20+0200 1791478700.374 OK tls2-1008c-a1-verify 15 b66370e0c68f2c61a38c39f537c0fb970baf6cc5ca5a37c12f1bea5c5485b600
2026-10-08T18:58:26+0200 1791478706.189 OK tls2-1008c-a2-selfupdate 19 f465251f56e5bd5afbb718fd63951838f210bc31225974d7e683bb3233bc733b
2026-10-08T18:58:28+0200 1791478708.947 OK tls2-1008c-a2-install040 19 49578797d2a1bf161a2d4d3f84e81d4175c094606393a7c647e67de78dd42ade
2026-10-08T18:58:31+0200 1791478711.819 OK tls2-1008c-a2-upgrade041 19 1e5ee680f3cb84e79f19aa0d21d9d35533a4b99fa0163074a3e7c8f37d1c2aaa
2026-10-08T18:58:31+0200 1791478711.930 OK tls2-1008c-a2-verify 15 0cbadb9e249e160020c0f8d57537ad6c2594509d47bdb6a3d2769f58bc4ecb8e
2026-10-08T18:58:37+0200 1791478717.675 OK tls2-1008c-a3-selfupdate 19 24ce41dbc4e1410e733c96da8935bab91c6e1a8cc101c9832c62117917280f4a
2026-10-08T18:58:40+0200 1791478720.424 OK tls2-1008c-a3-install040 19 88961f28eaf61344de55a6143695bf7ac04e20e833be635f964f2c6fca8505cc
2026-10-08T18:58:43+0200 1791478723.617 OK tls2-1008c-a3-upgrade041 19 1c3aaa986d8fa350a09016d4d815ce4e4136f8edb135161e2d375ff4e38bf751
2026-10-08T18:58:43+0200 1791478723.700 OK tls2-1008c-a3-verify 15 008556ecfeb0afadcaf02b5eb94427fc30875dacbed123716e59b48396e06a4f
2026-10-08T18:58:46+0200 1791478726.772 OK tls2-1008c-b001 10 bd0d0db4e6fea14e5891c15dcc9f2fbb56385a03b9bdea80402f92866046a123
2026-10-08T18:58:49+0200 1791478729.463 OK tls2-1008c-b002 10 c5cef282f078be57474ba0f0859e02dd4a7c1bdc5180c44cdb7fb078bfff7774
2026-10-08T18:58:52+0200 1791478732.195 OK tls2-1008c-b003 10 9097d33d70d217e1056712ef13ea945e0cfca0a726835703f822853d7ac0e580
2026-10-08T18:58:54+0200 1791478734.944 OK tls2-1008c-b004 10 3d2c8404791c68b3a9058fb57ee6698b95659cc30100064d7aecc7a18a9cc5a0
2026-10-08T18:58:57+0200 1791478737.687 OK tls2-1008c-b005 10 df11b2245acc9e0155933d6cc23f71dc955c5c10ec612d58d30afecba49be5d0
2026-10-08T18:59:00+0200 1791478740.449 OK tls2-1008c-b006 10 f5c2b2445a61238b206a2dd9d2ef3eca4d78a0a54bd9d183f8d392affcd48980
2026-10-08T18:59:03+0200 1791478743.092 OK tls2-1008c-b007 10 3a9e618bdd02ad389f6b846510e02b8e253c3d0d7e088f7f76c8de36c88df512
2026-10-08T18:59:05+0200 1791478745.837 OK tls2-1008c-b008 10 9ea8cb9a9a53613fc2c388b78461cf516366eb291ab31f9950001b74a2822adc
2026-10-08T18:59:08+0200 1791478748.507 OK tls2-1008c-b009 10 d47620e509d6b108c4786633b2618e7347d4f737ccc0600b0cd29043f0fb0f87
2026-10-08T18:59:11+0200 1791478751.212 OK tls2-1008c-b010 10 e965125f31dfdd78b6dff993e6daa071bf65d141cf57a6017a32acbbff93ddfe
2026-10-08T18:59:13+0200 1791478753.858 OK tls2-1008c-b011 10 bb8661580ebe619d279b70d8f99760f47b8c7570730d73b11efa1aeefc25a558
2026-10-08T18:59:16+0200 1791478756.515 OK tls2-1008c-b012 10 e3913e82830d0b0ff2bac63e2689001d05d982b603f995cda64774a8062973c3
2026-10-08T18:59:19+0200 1791478759.224 OK tls2-1008c-b013 10 81e2d65158af012d968a7d219159417b38c607d82988c63b27d0454c50e32402
2026-10-08T18:59:21+0200 1791478761.889 OK tls2-1008c-b014 10 c09cf0c5afb7df448bbecfa5d8cdc9ee7e3e4d9673369eb0c8db95b23d283f79
2026-10-08T18:59:24+0200 1791478764.579 OK tls2-1008c-b015 10 c1d26ea4d93a7cbc3ceeb24e030b6fcdd4aabe49d6bc9bae83cbb9bd7ec3ead1
2026-10-08T18:59:29+0200 1791478769.815 OK tls2-1008c-b016 10 1c0f38f33457ea6831bc9a1a14f6dc9e5aaa2dffc354f71b7ef0fc64e6253888
2026-10-08T18:59:36+0200 1791478776.924 OK tls2-1008c-b017 10 6c1b677932fcf0cefec95e705d1ffcd595f6286e3139df9424d7ef17e3d05704
2026-10-08T18:59:44+0200 1791478784.730 OK tls2-1008c-b018 10 d7e3069e957b7bcecfffbb43162b5016a7baca9bf60fa30badeb7b30bbbcd155
2026-10-08T18:59:52+0200 1791478792.324 OK tls2-1008c-b019 10 98c923bf65313ab0cf19abf584d202ee56d98c11c1d86f0fca6d3f7c56b40aa4
2026-10-08T18:59:59+0200 1791478799.747 OK tls2-1008c-b020 10 0e405459fa410ecebbe0436f9cc46e01751a5091fe931a13bf6db632893f4c3f
2026-10-08T19:00:06+0200 1791478806.995 OK tls2-1008c-b021 10 6915eb8fec88b07e6c337b28b0618a66708485e559f639bc1295534d0ed43a26
2026-10-08T19:00:13+0200 1791478813.131 OK tls2-1008c-b022 10 3f8b72e74f08d4530d146c3a554d0c24bd36a381091b73b0bfca36cfce20f5a8
2026-10-08T19:00:20+0200 1791478820.581 OK tls2-1008c-b023 10 217a49499cab76d72919d679770b9f97cabaa8b6faaad7aa4155d08c2eb076c3
2026-10-08T19:00:28+0200 1791478828.186 OK tls2-1008c-b024 10 7d367f04c965ecbb071629424c00aca4d44c01e54cc5878f1cc3eeb7638d9984
2026-10-08T19:00:35+0200 1791478835.255 OK tls2-1008c-b025 10 7a70f50ed8075c64f667c44dd038ad8e51912386900d8342c03855bfb9547b8c
2026-10-08T19:00:42+0200 1791478842.498 OK tls2-1008c-b026 10 814640749b15f3610c2237706344ae458da0939823fa8ae38a9faeea8f321224
2026-10-08T19:00:49+0200 1791478849.580 OK tls2-1008c-b027 10 381b28d2714ad0808bb016288b8c26bcc2cf1479d186287b32ce874a796cdd7f
2026-10-08T19:00:56+0200 1791478856.600 OK tls2-1008c-b028 10 66630e812cbb02c02017c7515b7d1fb4ff3b9f489c584d9aa35612cb90cb73ab
2026-10-08T19:01:03+0200 1791478863.795 OK tls2-1008c-b029 10 8984824fa86247aaef71776abe598499ae5f2fecef1eaaf470bc494dce7e7726
2026-10-08T19:01:10+0200 1791478870.753 OK tls2-1008c-b030 10 8345cb1f17ae7fdcee905b0b5b035da42f986697c450c317f9e6814ded4803c9
2026-10-08T19:01:17+0200 1791478877.958 OK tls2-1008c-b031 10 28776c75300e047c439bdc75d08b7ee0bc62f418e8edc97c6170d268fddb182d
2026-10-08T19:01:23+0200 1791478883.598 OK tls2-1008c-b032 10 95fcceb069479fa52cfcb6ae95397531a68c3c61156c8ceaef28d0c1ef128ff0
2026-10-08T19:01:30+0200 1791478890.917 OK tls2-1008c-b033 10 b9cfb1471b318b54e9de8bb106b0690b4ce4ec7bd7890bf207d57e40219bad22
2026-10-08T19:01:37+0200 1791478897.953 OK tls2-1008c-b034 10 636c64f1cf1fb5b6e09bfb2ead810b0edc6fc65135bf9cf14612c85c31c63adb
2026-10-08T19:01:44+0200 1791478904.851 OK tls2-1008c-b035 10 4ac182a5191ef21240919e7d1873e428ffbad05f5568c4731e5384adb783548f
2026-10-08T19:01:52+0200 1791478912.165 OK tls2-1008c-b036 10 1b147e03afbc2e814ae307a3367f85de5b836b448c9591523a853451b9783768
2026-10-08T19:01:59+0200 1791478919.180 OK tls2-1008c-b037 10 17c256391f71475dc65a3b455d76cdfb6fa8732b8c137bc238eb7538d8be99cd
2026-10-08T19:02:06+0200 1791478926.732 OK tls2-1008c-b038 10 ba4aff714693b89fc1c22e91221bdaeab450d4001a1954e201a1e9bb17609157
2026-10-08T19:02:13+0200 1791478933.918 OK tls2-1008c-b039 10 1e5d1c53259a697d901659be2fc93afb9274578e1b016a7b011cf4d88264595d
2026-10-08T19:02:21+0200 1791478941.061 OK tls2-1008c-b040 10 3b01a6a643ae0fba1ffcfb5a2343fa8380dcd89eca28c5e749b9b32f2d6b784a
2026-10-08T19:02:27+0200 1791478947.687 OK tls2-1008c-b041 10 a6acd07256d92ee9158484d2c045f195fea3365d74cff30800d1abae03e15e33
2026-10-08T19:02:34+0200 1791478954.525 OK tls2-1008c-b042 10 192c73018b18739d0c16aaeb3960f652f2d46fd39b58805148f7e7e1e3e2f70c
2026-10-08T19:02:39+0200 1791478959.376 OK tls2-1008c-b043 10 7d6db5907e2e523b26a0d774aada914af7440356da5c3cc2df171084a0abfddb
2026-10-08T19:02:46+0200 1791478966.486 OK tls2-1008c-b044 10 8f0993686ba01423bb11ef747b2b3e61ff5cb09dd93bea924ddd5c62394317d5
2026-10-08T19:02:52+0200 1791478972.044 OK tls2-1008c-b045 10 7c1c7072e03365d9e15c7b31751933a9d7a4320b90271f115894995aff747661
2026-10-08T19:02:59+0200 1791478979.228 OK tls2-1008c-b046 10 6e84371f97b646ac5cb3a4297f26e09cd2c1765ca9ee3b08dfac5a4428e87905
2026-10-08T19:03:06+0200 1791478986.782 OK tls2-1008c-b047 10 ceddc512f2fe70941e4e136b43c5749af4fc63d9f19db2430bf56974e2c6ffeb
2026-10-08T19:03:14+0200 1791478994.305 OK tls2-1008c-b048 10 e81c1c7af3d6331fea0411bad943c942d2e80d4a2c742b412d9d761a3b4c3a14
2026-10-08T19:03:21+0200 1791479001.967 OK tls2-1008c-b049 10 52ac36bb5e9f4d0923301c13e215cf96044e518fb9e66cb0ef3c02795a506939
2026-10-08T19:03:27+0200 1791479007.919 OK tls2-1008c-b050 10 20706e7dfcd7e125747a6ea80d107b4f737a52b16a7467db597cba991877c160
2026-10-08T19:03:35+0200 1791479015.381 OK tls2-1008c-b051 10 cdf2deb3e5fb1e8a82eb5d57c6933029beef19fdf6a2037ca07008acccd618af
2026-10-08T19:03:42+0200 1791479022.627 OK tls2-1008c-b052 10 cbe9ceb76a95647440aca26938121c7023d6fb7de6dbff16ac8c603cbcdd10c9
2026-10-08T19:03:49+0200 1791479029.979 OK tls2-1008c-b053 10 a13727a1d3c798dacdb6123d48ff045f341ab08c635ae7d2b446466dcc2eb3e9
2026-10-08T19:03:56+0200 1791479036.672 OK tls2-1008c-b054 10 41f83e361417a029fbe5a626aa96a8846a3df2d75a279d069fd1405c7542b91a
2026-10-08T19:04:04+0200 1791479044.067 OK tls2-1008c-b055 10 b4f034afd1e07f9890f8b46d02704525851a455437756bb71c520157230dfec5
2026-10-08T19:04:11+0200 1791479051.575 OK tls2-1008c-b056 10 0fd31c98b139d3d0922f6c35796f31047f565c788e6c347b88232df553f92c63
2026-10-08T19:04:18+0200 1791479058.923 OK tls2-1008c-b057 10 b6e83f1be02f958b3c3778b192e90f8f0437b957a2e79d8ec013fcb44d85b197
2026-10-08T19:04:26+0200 1791479066.201 OK tls2-1008c-b058 10 c784a5ca63002fec09e7e10fa00675b8c9b97bb9241de8c7d4fde91f8517432e
2026-10-08T19:04:33+0200 1791479073.506 OK tls2-1008c-b059 10 ba453ffafd272efd81d1a181d738797d3ba9a1e561ec32d8fa13f049fb0b23b1
2026-10-08T19:04:41+0200 1791479081.104 OK tls2-1008c-b060 10 2ebc8b4963926700387b4e3e5e0916a0051e0e7bd9920c382dcf574f7c5fd74e
2026-10-08T19:04:46+0200 1791479086.834 OK tls2-1008c-b061 10 f9455b078b3d66249aa3874e44b896b4777522125f2dbc0802e4e0d36ff48376
2026-10-08T19:04:54+0200 1791479094.198 OK tls2-1008c-b062 10 9cc7893c9e5169bb7615b56857fffc86646c2cef3c574ff729e6b80af5a791ce
2026-10-08T19:05:01+0200 1791479101.706 OK tls2-1008c-b063 10 bf415c8a0f690c1ec5a4883e3bf62646df82f6d97873d4a2401666c3e6b7ae16
2026-10-08T19:05:09+0200 1791479109.147 OK tls2-1008c-b064 10 277c31df05be73541fc1c6596c2bd19f71d29c1e57c88c008c61e81c006d7e3a
2026-10-08T19:05:16+0200 1791479116.168 OK tls2-1008c-b065 10 ea33cd8bab4f9a8dd29663b04ab238ad3ddf4ad6f5b9837c6fb53e0537117ceb
2026-10-08T19:05:23+0200 1791479123.522 OK tls2-1008c-b066 10 1a73b021fa340d173cc2183307d00823af07985be506c1ea32c34bdf9ebffcd0
2026-10-08T19:05:30+0200 1791479130.962 OK tls2-1008c-b067 10 7ad8b661fe05add9532a81f98133518cba26803084911d14ad1881ae109411c4
2026-10-08T19:05:38+0200 1791479138.416 OK tls2-1008c-b068 10 1f83d1c74ec67d44845b565923d6823fec67be01c43d34bd1d7ad75a6dfd53ab
2026-10-08T19:05:45+0200 1791479145.981 OK tls2-1008c-b069 10 f23ebbac6945d2bcb77782cc7c1a53611c421c37463f24aeef00d3a7e0215d83
2026-10-08T19:05:53+0200 1791479153.195 OK tls2-1008c-b070 10 55d1370256a95a6cbd60166e3874a12ec554708ea72dfae01ac85b9342e2aa45
2026-10-08T19:06:00+0200 1791479160.689 OK tls2-1008c-b071 10 89feb4dbc88b7cfc490ed891c683271d61378b64fbd0d406f6f3b1d729b7854a
2026-10-08T19:06:07+0200 1791479167.697 OK tls2-1008c-b072 10 d7569cc65a4b447f9801fafdf3cbc23abae563ca5d084ff02b6984b9b0fb4db9
2026-10-08T19:06:14+0200 1791479174.965 OK tls2-1008c-b073 10 bae154f188d2faccae2a89ef13f9e0222d1d84f90fb9771ff218cc14d8df7f41
2026-10-08T19:06:21+0200 1791479181.339 OK tls2-1008c-b074 10 6f3b7033818c41ac7776053061f9d679517b30e373895c73cf23140380fb9d54
2026-10-08T19:06:26+0200 1791479186.530 OK tls2-1008c-b075 10 167592440bfbf4c73518325ee744bafc7d169dd543449a0560d098b1e0de8ec9
2026-10-08T19:06:33+0200 1791479193.334 OK tls2-1008c-b076 10 738f6ce2b51e464977adc2f8ad3f1298bfe30d69917426d4585aae793ce1ebfa
2026-10-08T19:06:39+0200 1791479199.487 OK tls2-1008c-b077 10 59ed08e7b49198aee944220afe80712ad4579f18b7fd0c88eb0b87975c49c8df
2026-10-08T19:06:44+0200 1791479204.881 OK tls2-1008c-b078 10 3583865c8c572e67b4adadb22adec3e64da2de9906e58a53118ee9d0635b74f9
2026-10-08T19:06:51+0200 1791479211.872 OK tls2-1008c-b079 10 63c3938de7012d8acaa73aeed51dc68e994d96b604e4cc66fe41fd41183db665
2026-10-08T19:06:58+0200 1791479218.905 OK tls2-1008c-b080 10 c551ace37a9e813077dac062d7a1bd92b5941fa5b50a33db08e056839716efe2
2026-10-08T19:07:05+0200 1791479225.574 OK tls2-1008c-b081 10 a2c34fa22903670cbfff8c250ee7b32d7e81f535a5c81f45c0972cb422890341
2026-10-08T19:07:12+0200 1791479232.253 OK tls2-1008c-b082 10 ea4d9cec32cfe2ec16fe8c471e3d46e2bd95cfa3e60a7592f47380d136a3ddbe
2026-10-08T19:07:18+0200 1791479238.895 OK tls2-1008c-b083 10 9ba3ef68ee1d81d23a5902e3551d5d42f57f808d8eb551797ea9cada16efe8df
2026-10-08T19:07:25+0200 1791479245.679 OK tls2-1008c-b084 10 80110764249c5b2c02de1a79d88a6e6e3d3f8855bd03833071ce2f7037a69211
2026-10-08T19:07:32+0200 1791479252.346 OK tls2-1008c-b085 10 49b9baac1efc0c50881f07323fb0fb275d33abdfe2bee4240e89aa797de407f3
2026-10-08T19:07:38+0200 1791479258.764 OK tls2-1008c-b086 10 12623b253fcb2ea50f1294db3ab7eba8ec963ace4e7f8190ffcc9226d6db8f07
2026-10-08T19:07:45+0200 1791479265.220 OK tls2-1008c-b087 10 f139bc2e0a9064bce3947623139873f1b56a4ac89e3cdc55f3e9263606ad0b43
2026-10-08T19:07:51+0200 1791479271.676 OK tls2-1008c-b088 10 e0d68343106abe57afff01598a48d1d5acf313f98617106bd3a7cd06eb33a665
2026-10-08T19:07:58+0200 1791479278.077 OK tls2-1008c-b089 10 775e45841bc08e0d4ec5b0f593678bf860c6487de75ccc1a8e62f40373ab4800
2026-10-08T19:08:04+0200 1791479284.780 OK tls2-1008c-b090 10 e1c0e753a6178aa790fdb37a384b80cd704acf73bf57ba8f09b59e16e9619c6c
2026-10-08T19:08:11+0200 1791479291.493 OK tls2-1008c-b091 10 044e13269a5e2f379952061807c162065cbee3c2d4eb9e4177d2b9f7d2ef713c
2026-10-08T19:08:15+0200 1791479295.883 OK tls2-1008c-b092 10 9ebeb046e9e05dbb7eef81db0b9f5022d623c63f181e256588d5a44ebbec8ba2
2026-10-08T19:08:22+0200 1791479302.420 OK tls2-1008c-b093 10 6cea6e5b7d8d0e8bbefd7b700bfbab842f7fc542d6d91d999fa3a7c9b1b70b79
2026-10-08T19:08:29+0200 1791479309.177 OK tls2-1008c-b094 10 7e18c5da24d9e0e9f4ef684c9580a211b90f72bbd319b95c38eecb69b92687bf
2026-10-08T19:08:36+0200 1791479316.086 OK tls2-1008c-b095 10 c755b530caec9f22aa245e01fb6258ca03e178c8f121e16e1c417696d3824717
2026-10-08T19:08:42+0200 1791479322.831 OK tls2-1008c-b096 10 079c43487b7935d1267a74fda08c59df75d10ae04017d51467bffe6fd89c0196
2026-10-08T19:08:49+0200 1791479329.607 OK tls2-1008c-b097 10 202dd77e7b9ac3fb4b71d41f262e74d8f1df7a6de5d24a9df4303f4274e89f48
2026-10-08T19:08:56+0200 1791479336.372 OK tls2-1008c-b098 10 62f330d30c711840af3e2cb95ecef9aaff8bb74192b71fd39d0f011471287595
2026-10-08T19:09:03+0200 1791479343.026 OK tls2-1008c-b099 10 054398772a52a75f90203d7bbf2ffd888215d3a36829b998cacf3a622368c8b4
2026-10-08T19:09:09+0200 1791479349.432 OK tls2-1008c-b100 10 0020fe446c06303278626ce0cd2bcb1026203e275a8efefa96ace1920e0de4c2
2026-10-08T19:09:10+0200 1791479350.233 OK tls2-1008c-log.txt 74579 3bfdc97ead3dc36153e1f9ffd91445a2675447b97f59eed7bde8a1cce0c716c6
